[debug] [2026-01-21T17:09:29.686Z] ----------------------------------------------------------------------
[debug] [2026-01-21T17:09:29.688Z] Command:       /nix/store/ws50yvm6vzlzf7jzz6n7xh4szddrack1-nodejs-20.19.1/bin/node /nix/store/c776mhyhgykcld7p90ajrka149ifn61a-firebase-tools-14.26.0/lib/node_modules/firebase-tools/lib/bin/firebase.js init
[debug] [2026-01-21T17:09:29.689Z] CLI Version:   14.26.0
[debug] [2026-01-21T17:09:29.689Z] Platform:      linux
[debug] [2026-01-21T17:09:29.689Z] Node Version:  v20.19.1
[debug] [2026-01-21T17:09:29.689Z] Time:          Wed Jan 21 2026 17:09:29 GMT+0000 (Coordinated Universal Time)
[debug] [2026-01-21T17:09:29.690Z] ----------------------------------------------------------------------
[debug] 
[debug] [2026-01-21T17:09:29.692Z] >>> [apiv2][query] GET https://firebase-public.firebaseio.com/cli.json [none]
[debug] [2026-01-21T17:09:29.728Z] No OAuth tokens found
[debug] [2026-01-21T17:09:29.728Z] No OAuth tokens found
[error] Failed to fetch Firebase Project from current Studio Workspace: Unable to refresh auth: not yet authenticated.
[info] 
     ######## #### ########  ######## ########     ###     ######  ########
     ##        ##  ##     ## ##       ##     ##  ##   ##  ##       ##
     ######    ##  ########  ######   ########  #########  ######  ######
     ##        ##  ##    ##  ##       ##     ## ##     ##       ## ##
     ##       #### ##     ## ######## ########  ##     ##  ######  ########

You're about to initialize a Firebase project in this directory:

  /home/user/portfolio

[debug] [2026-01-21T17:09:30.805Z] <<< [apiv2][status] GET https://firebase-public.firebaseio.com/cli.json 200
[debug] [2026-01-21T17:09:30.805Z] <<< [apiv2][body] GET https://firebase-public.firebaseio.com/cli.json {"cloudBuildErrorAfter":1594252800000,"cloudBuildWarnAfter":1590019200000,"defaultNode10After":1594252800000,"minVersion":"3.0.5","node8DeploysDisabledAfter":1613390400000,"node8RuntimeDisabledAfter":1615809600000,"node8WarnAfter":1600128000000}
